[stderr] INFO:     Started server process [12449]
[stderr] INFO:     Waiting for application startup.
[stderr] INFO:     Application startup complete.
[stderr] INFO:     Uvicorn running on http://127.0.0.1:8765 (Press CTRL+C to quit)
INFO:     127.0.0.1:56752 - "GET /health HTTP/1.1" 200 OK
[stderr] INFO:     ('127.0.0.1', 56766) - "WebSocket /ws" [accepted]
[stderr] 2026-10-03 11:53:21 INFO     [codeboarding_pro.ws.server:258] WebSocket connected: session 0e3df766-6b49-43fb-a484-0cb2b6d91437
[stderr] INFO:     connection open
[stderr] 2026-10-03 11:53:21 INFO     [tool_registry.manifest:320] has_required_tools: csharp missing or stale at /home/jacobs-joshua/.codeboarding/servers/bin/linux/pm-tools/csharp-ls/csharp-ls
[stderr] 2026-10-03 11:53:22 INFO     [tool_registry.manifest:320] has_required_tools: csharp missing or stale at /home/jacobs-joshua/.codeboarding/servers/bin/linux/pm-tools/csharp-ls/csharp-ls
[stderr] 2026-10-03 11:53:22 INFO     [tool_registry.installers:451] Installing Node.js packages: ['pyright@1.1.400', 'typescript-language-server@4.3.4', 'typescript@5.7', 'intelephense@1.16.5']
[stderr] 2026-10-03 11:54:04 INFO     [tool_registry.installers:465] Node.js packages installed successfully
[stderr] 2026-10-03 11:54:04 INFO     [tool_registry.installers:225]   tokei: already installed, skipping
[stderr] 2026-10-03 11:54:04 INFO     [tool_registry.installers:225]   gopls: already installed, skipping
[stderr] 2026-10-03 11:54:04 INFO     [tool_registry.installers:225]   rust-analyzer: already installed, skipping
[stderr] 2026-10-03 11:54:04 INFO     [tool_registry.installers:489] java already installed
[stderr] 2026-10-03 11:54:04 WARNING  [tool_registry.installers:397]   csharp-ls: dotnet install failed (exit 1): dotnet: /tmp/_MEI00003091GRfzxQ/libstdc++.so.6: version `GLIBCXX_3.4.32' not found (required by dotnet)
[stderr] 
[stderr] 2026-10-03 11:54:04 INFO     [static_analyzer.java_utils:125] Found Java 25 at /usr/lib/jvm/java-1.25.0-openjdk-amd64
[stderr] 2026-10-03 11:54:04 INFO     [codeboarding_pro.lsp.bootstrap:56] LSP startup attempt 1/3
[stderr] 2026-10-03 11:54:04 INFO     [codeboarding_pro.session:183] Session 0e3df766-6b49-43fb-a484-0cb2b6d91437 initialized: repo=/home/jacobs-joshua/Documents/plenty-value-hub, project=plenty-value-hub, output=/home/jacobs-joshua/Documents/plenty-value-hub/.codeboarding
[stderr] 2026-10-03 11:54:10 INFO     [static_analyzer.typescript_config_scanner:96] Found 1 TypeScript project(s) in repository (134 total files across all projects)
[stderr] 2026-10-03 11:54:10 INFO     [static_analyzer:198] Creating engine config for TypeScript at repo root (134 files across 1 tsconfig project(s): inertia)
[stderr] 2026-10-03 11:54:22 INFO     [static_analyzer:208] Adding 247 family file(s) claimed by no tsconfig
[stderr] 2026-10-03 11:54:22 INFO     [static_analyzer:450] Starting engine LSP client for TypeScript at /home/jacobs-joshua/Documents/plenty-value-hub
[stderr] 2026-10-03 11:54:22 INFO     [static_analyzer:472] TypeScript LSP start: 0.2s
[stderr] 2026-10-03 11:54:22 INFO     [codeboarding_pro.file_monitor:106] FileMonitor started for /home/jacobs-joshua/Documents/plenty-value-hub
[stderr] 2026-10-03 11:54:22 INFO     [codeboarding_pro.session:202] Session 0e3df766-6b49-43fb-a484-0cb2b6d91437: FileMonitor activated
[stderr] 2026-10-03 11:54:22 INFO     [codeboarding_pro.session:243] Session 0e3df766-6b49-43fb-a484-0cb2b6d91437: LSP wiring complete
[stderr] 2026-10-03 11:54:22 INFO     [codeboarding_pro.lsp.bootstrap:67] LSP clients started successfully (attempt 1)
[stderr] 2026-10-03 11:54:45 INFO     [watchfiles.main:308] 1 change detected
[stderr] 2026-10-03 11:54:45 WARNING  [codeboarding_pro.analysis_controller:427] Skipping incremental update: full analysis artifacts not ready yet
[stderr] 2026-10-03 11:54:45 INFO     [codeboarding_pro.analysis_controller:259] No cached analysis results; skipping health report
[stderr] 2026-10-03 11:56:51 INFO     [watchfiles.main:308] 6 changes detected
[stderr] 2026-10-03 11:56:54 INFO     [watchfiles.main:308] 1 change detected
[stderr] 2026-10-03 11:56:55 INFO     [watchfiles.main:308] 3 changes detected
[stderr] 2026-10-03 11:57:36 INFO     [watchfiles.main:308] 1 change detected
[stderr] 2026-10-03 11:57:37 WARNING  [codeboarding_pro.analysis_controller:427] Skipping incremental update: full analysis artifacts not ready yet
[stderr] 2026-10-03 11:57:37 INFO     [codeboarding_pro.analysis_controller:259] No cached analysis results; skipping health report
[stderr] 2026-10-03 11:57:43 INFO     [watchfiles.main:308] 1 change detected
[stderr] 2026-10-03 11:57:43 WARNING  [codeboarding_pro.analysis_controller:427] Skipping incremental update: full analysis artifacts not ready yet
[stderr] 2026-10-03 11:57:43 INFO     [codeboarding_pro.analysis_controller:259] No cached analysis results; skipping health report
[stderr] 2026-10-03 11:57:45 INFO     [watchfiles.main:308] 1 change detected
[stderr] 2026-10-03 11:57:45 INFO     [watchfiles.main:308] 3 changes detected
[stderr] 2026-10-03 20:24:36 INFO     [watchfiles.main:308] 2 changes detected
[stderr] 2026-10-03 20:24:36 INFO     [watchfiles.main:308] 4 changes detected
[stderr] 2026-10-03 20:24:42 INFO     [watchfiles.main:308] 1 change detected
[stderr] 2026-10-03 20:24:44 INFO     [watchfiles.main:308] 3 changes detected
[stderr] 2026-10-03 20:28:29 INFO     [watchfiles.main:308] 6 changes detected
[stderr] 2026-10-03 20:28:34 INFO     [watchfiles.main:308] 1 change detected
[stderr] 2026-10-03 20:28:35 INFO     [watchfiles.main:308] 3 changes detected
[stderr] 2026-10-03 20:31:05 INFO     [watchfiles.main:308] 2 changes detected
[stderr] 2026-10-03 20:31:06 WARNING  [codeboarding_pro.analysis_controller:427] Skipping incremental update: full analysis artifacts not ready yet
[stderr] 2026-10-03 20:31:06 INFO     [codeboarding_pro.analysis_controller:259] No cached analysis results; skipping health report
[stderr] 2026-10-03 20:31:13 INFO     [watchfiles.main:308] 2 changes detected
[stderr] 2026-10-03 20:31:13 WARNING  [codeboarding_pro.analysis_controller:427] Skipping incremental update: full analysis artifacts not ready yet
[stderr] 2026-10-03 20:31:13 INFO     [codeboarding_pro.analysis_controller:259] No cached analysis results; skipping health report
[stderr] 2026-10-03 20:31:22 INFO     [watchfiles.main:308] 1 change detected
[stderr] 2026-10-03 20:31:22 WARNING  [codeboarding_pro.analysis_controller:427] Skipping incremental update: full analysis artifacts not ready yet
[stderr] 2026-10-03 20:31:22 INFO     [codeboarding_pro.analysis_controller:259] No cached analysis results; skipping health report
[stderr] 2026-10-03 20:31:28 INFO     [watchfiles.main:308] 1 change detected
[stderr] 2026-10-03 20:31:29 INFO     [watchfiles.main:308] 3 changes detected
